<!DOCTYPE html>
<html lang="en">
<head>
    <!-- Подключаемые файлы, метатеги, название страницы -->
    <meta charset="utf-8"> <!-- Кодировка страницы-->
    <title>Golden</title>
    <link rel="stylesheet" href="css/main.css">
    
    <!-- Yandex.Metrika counter -->
<script type="text/javascript" >
   (function(m,e,t,r,i,k,a){m[i]=m[i]||function(){(m[i].a=m[i].a||[]).push(arguments)};
   m[i].l=1*new Date();k=e.createElement(t),a=e.getElementsByTagName(t)[0],k.async=1,k.src=r,a.parentNode.insertBefore(k,a)})
   (window, document, "script", "https://mc.yandex.ru/metrika/tag.js", "ym");

   ym(62617549, "init", {
        clickmap:true,
        trackLinks:true,
        accurateTrackBounce:true,
        webvisor:true
   });
</script>
<noscript><div><img src="https://mc.yandex.ru/watch/62617549" style="position:absolute; left:-9999px;" alt="" /></div></noscript>
<!-- /Yandex.Metrika counter -->
</head>
<body>


<header>
    <div class="container">
        <div class="heading clearfix">
            <img src="img/logo.png" alt="Golden" class="logo">
            <nav>
                <ul class="menu">
                    <li>
                        <a href="#">Home</a>
                    </li>
                    <li>
                        <a href="#">Services</a>
                    </li>
                    <li>
                        <a href="#">Portfolio</a>
                    </li>
                    <li>
                        <a href="#">About</a>
                    </li>
                    <li>
                        <a href="#">Contact</a>
                    </li>
                </ul>
            </nav>
        </div>
        <div class="titles">
            <div class="titles__first">
                Welcome To Our Studio!
            </div>
            <h1>
                It’s nice to Meet you
            </h1>
        </div>
        <a class="button" href="#">Tell Me More</a>
    </div>
</header>


<section id="services">
    <div class="container">
        <div class="title">
            <h2>
                Services
            </h2>
            <p>
                Proin iaculis purus consequat sem cure.
            </p>
        </div>
        <div class="services clearfix">
            <div class="services__item">
                <img src="img/icon1.png" alt="Услуга">
                <h3>E-Commerce</h3>
                <p>
                    Proin iaculis purus consequat sem cure digni ssim. Donec porttitora entum suscipit
                    aenean rhoncus posuere odio in tincidunt.
                </p>
            </div>
            <div class="services__item">
                <img src="img/icon2.png" alt="Услуга">
                <h3>Responsive Web</h3>
                <p>
                    Proin iaculis purus consequat sem cure digni ssim. Donec porttitora entum suscipit
                    aenean rhoncus posuere odio in tincidunt.
                </p>
            </div>
            <div class="services__item">
                <img src="img/icon3.png" alt="Услуга">
                <h3>Web Security</h3>
                <p>
                    Proin iaculis purus consequat sem cure digni ssim. Donec porttitora entum suscipit
                    aenean rhoncus posuere odio in tincidunt.
                </p>
            </div>
        </div>
    </div>
</section>
<section id="portfolio">
    <div class="container">
        <div class="title">
            <h2>
                Our portfolio
            </h2>
            <p>
                Proin iaculis purus consequat sem cure.
            </p>
        </div>
        <div class="works clearfix">
            <img src="img/img1.jpg" alt="Работа">
            <img src="img/img2.jpg" alt="Работа">
            <img src="img/img3.jpg" alt="Работа">
        </div>
    </div>
</section>
<div id="about" name="about" class="box">
    <div class="container">
        <h2 class="title">About Us</h2>
        <p class="descr">Proin iaculis purus consequat sem cure.</p>
        <div class="about-wrap">
            <div class="about-item clearfix">
                <div class="about-text left text-right">
                    <h5 class="title">
                        July 2010<br/> Our Humble Beginnings
                    </h5>
                    <p>
                   Proin iaculis purus consequat sem cure 
digni ssim. Donec porttitora entum suscipit 
aenean rhoncus posuere odio in tincidunt. Proin 
iaculis purus consequat sem cure digni 
ssim. Donec porttitora entum suscipit.
                    </p>
                </div>
                <div class="about-img left">
                    <img src="img/about1.jpg" alt="">
                </div>
            </div>
            <div class="about-item clearfix">
                <div class="about-text right text-left">
                    <h5 class="title">
                        January 2011<br/>
                        Facing Startup Battles
                    </h5>
                    <p>
                   Proin iaculis purus consequat sem cure 
digni ssim. Donec porttitora entum suscipit 
aenean rhoncus posuere odio in tincidunt. Proin 
iaculis purus consequat sem cure digni 
ssim. Donec porttitora entum suscipit aenean 
rhoncus posuere odio in tincidunt.
                    </p>
                </div>
                <div class="about-img_1 right">
                    <img src="img/about2.jpg" alt="">
                </div>
            </div>
            <div class="about-item clearfix">
                <div class="about-text left text-right">
                    <h5 class="title">
                        December 2012<br/>Enter The Dark Days
                    </h5>
                    <p>
                   Proin iaculis purus consequat sem cure 
digni ssim. Donec porttitora entum suscipit 
aenean rhoncus posuere odio in tincidunt. Proin 
iaculis purus consequat sem cure digni.
                    </p>
                </div>
                <div class="about-img left">
                    <img src="img/about3.jpg" alt="">
                </div>
            </div>
            <div class="about-item clearfix">
                <div class="about-text right text-left">
                    <h5 class="title">
                        february 2014<br/>
                        Our Triumph
                    </h5>
                    <p>
                   Proin iaculis purus consequat sem cure 
digni ssim. Donec porttitora entum suscipit 
aenean rhoncus posuere odio in tincidunt. Proin 
iaculis purus consequat sem cure digni 
ssim. Donec porttitora entum suscipit aenean.
                    </p>
                </div>
                <div class="about-img_1 right">
                    <img src="img/about4.jpg" alt="">
                </div>
            </div>
        </div>
    </div>
</div>
<footer>
    <div class="container">
       <div class="footer__copyright">
           © Copyright 2014 FreebiesXpress.com
       </div> 
    </div>

</footer>
</body>
</html>
